// Jest Snapshot v1, https://goo.gl/fbAQLP

exports[`App should render well 1`] = `
Array [
  <header
    className="ant-layout-header css-1dwp6ke-AppHeader"
  >
    <button
      className="ant-btn ant-btn-default"
      disabled={false}
      onClick={[Function]}
      type="button"
    >
      <span>
        Logout
      </span>
    </button>
  </header>,
  <div
    className="css-1afp8zc-CommentEntries"
  />,
  <canvas
    onClick={[Function]}
  />,
]
`;
